sum of a and b is 2 gdb ./a.out
GNU gdb (Ubuntu 8.1.1-0ubuntu1) 8.1.1
Copyright (C) 2018 Free Software Foundation, Inc.
License GPLv3+: GNU GPL version 3 or later <http://gnu.org/licenses/gpl.html>
This is free software: you are free to change and redistribute it.
There is NO WARRANTY, to the extent permitted by law.  Type "show copying"
and "show warranty" for details.
This GDB was configured as "x86_64-linux-gnu".
Type "show configuration" for configuration details.
For bug reporting instructions, please see:
<http://www.gnu.org/software/gdb/bugs/>.
Find the GDB manual and other documentation resources online at:
<http://www.gnu.org/software/gdb/documentation/>.
For help, type "help".
Type "apropos word" to search for commands related to "word"...
Reading symbols from ./a.out...done.
(gdb) b main
Breakpoint 1 at 0x7f0: file p002original.c, line 16.
 gcc -g p1original.c
 gcc -g p002original.c
 ./a.out
enter a and b values
1
1
sum of a and b is 2 
 gdb ./a.out
GNU gdb (Ubuntu 8.1.1-0ubuntu1) 8.1.1
Copyright (C) 2018 Free Software Foundation, Inc.
License GPLv3+: GNU GPL version 3 or later <http://gnu.org/licenses/gpl.html>
This is free software: you are free to change and redistribute it.
There is NO WARRANTY, to the extent permitted by law.  Type "show copying"
and "show warranty" for details.
This GDB was configured as "x86_64-linux-gnu".
Type "show configuration" for configuration details.
For bug reporting instructions, please see:
<http://www.gnu.org/software/gdb/bugs/>.
Find the GDB manual and other documentation resources online at:
<http://www.gnu.org/software/gdb/documentation/>.
For help, type "help".
Type "apropos word" to search for commands related to "word"...
Reading symbols from ./a.out...done.
(gdb) b main
Breakpoint 1 at 0x7f0: file p002original.c, line 16.
(gdb) r
Starting program: /home/runner/practice-2/a.out 
warning: Error disabling address space randomization: Operation not permitted

Breakpoint 1, main () at p002original.c:16
16  {
(gdb) s
18    input(&x,&y);
(gdb) s
input (a=0x7fff48e344cc, b=0x7fff48e344d0) at p002original.c:4
4     printf("enter a and b values\n");
(gdb) n
enter a and b values
5     scanf("%d %d",a,b);
(gdb) n
1
1
6   }
(gdb) n
main () at p002original.c:19
19    add(x,y,&z);
(gdb) s
add (a=1, b=1, sum=0x7fff48e344d4) at p002original.c:9
9     *sum=a+b;
(gdb) n
10  }
(gdb) n
main () at p002original.c:20
20    output(z);
(gdb) s
output (c=2) at p002original.c:13
13    printf("sum of a and b is %d",c);
(gdb) n
14  }
(gdb) n
main () at p002original.c:22
22  }(gdb) s
__libc_start_main (main=0x562c7c0007e8 <main>, argc=1, argv=0x7fff48e345c8, 
    init=<optimized out>, fini=<optimized out>, rtld_fini=<optimized out>, 
    stack_end=0x7fff48e345b8) at ../csu/libc-start.c:344
344 ../csu/libc-start.c: No such file or directory.
(gdb) n
sum of a and b is 2[Inferior 1 (process 446) exited normally]
(gdb) c
The program is not being run.
(gdb) p
The history is empty.
(gdb) l
339 in ../csu/libc-start.c
(gdb) Quit
(gdb) 