 gdb ./a.out
GNU gdb (Ubuntu 8.1.1-0ubuntu1) 8.1.1
Copyright (C) 2018 Free Software Foundation, Inc.
License GPLv3+: GNU GPL version 3 or later <http://gnu.org/licenses/gpl.html>
This is free software: you are free to change and redistribute it.
There is NO WARRANTY, to the extent permitted by law.  Type "show copying"
and "show warranty" for details.
This GDB was configured as "x86_64-linux-gnu".
Type "show configuration" for configuration details.
For bug reporting instructions, please see:
<http://www.gnu.org/software/gdb/bugs/>.
Find the GDB manual and other documentation resources online at:
<http://www.gnu.org/software/gdb/documentation/>.
For help, type "help".
Type "apropos word" to search for commands related to "word"...
Reading symbols from ./a.out...done.
(gdb) b main
Breakpoint 1 at 0x8fd: file p006original.c, line 35.
(gdb) r
Starting program: /home/runner/practice-2/a.out 
warning: Error disabling address space randomization: Operation not permitted

Breakpoint 1, main () at p006original.c:35
35  int main(){
(gdb) s
37    n=input_array_size();
(gdb) n
enter array size:
2
38    int a[n];
(gdb) n
39    input_array(n,a);
(gdb) n
enter the elrments of the array:
1
2
40    sum=sumofarray(n,a);
(gdb) n
41    output(n,a,sum);
(gdb) s
output (n=2, a=0x7ffcaedd0d80, sum=3) at p006original.c:28
28    printf("the sum of array elements\n");
(gdb) n
the sum of array elements
29    for(i=0;i<n -1;i++)
(gdb) n
31      printf("%d +",a[i]);
(gdb) n
29    for(i=0;i<n -1;i++)
(gdb) n
33      printf("%d is %d\n",a[n-1],sum);
(gdb) n
1 +2 is 3
34  }
(gdb) n
main () at p006original.c:42
42    return 0;
(gdb) c
Continuing.
[Inferior 1 (process 501) exited normally]
(gdb) p
The history is empty.
(gdb) ;
Undefined command: "".  Try "help".
(gdb) l
37    n=input_array_size();
38    int a[n];
39    input_array(n,a);
40    sum=sumofarray(n,a);
41    output(n,a,sum);
42    return 0;
43  }
(gdb) 