GNU bash, version 4.4.20(1)-release (x86_64-pc-linux-gnu)
gcc -g p07original.c -lm
 ./a.out
Enter the x coordinates of point 1 
1
Enter the y coordinate of point 2 
2
Enter the x coordinates of point 1 
3
Enter the y coordinate of point 2 
4
Length of line is 2.828427 gdb ./a.out
GNU gdb (Ubuntu 8.1.1-0ubuntu1) 8.1.1
Copyright (C) 2018 Free Software Foundation, Inc.
License GPLv3+: GNU GPL version 3 or later <http://gnu.org/licenses/gpl.html>
This is free software: you are free to change and redistribute it.
There is NO WARRANTY, to the extent permitted by law.  Type "show copying"
and "show warranty" for details.
This GDB was configured as "x86_64-linux-gnu".
Type "show configuration" for configuration details.
For bug reporting instructions, please see:
<http://www.gnu.org/software/gdb/bugs/>.
Find the GDB manual and other documentation resources online at:
<http://www.gnu.org/software/gdb/documentation/>.
For help, type "help".
Type "apropos word" to search for commands related to "word"...
Reading symbols from ./a.out...done.
(gdb) b main
Breakpoint 1 at 0x971: file p07original.c, line 48.
(gdb) r
Starting program: /home/runner/practice-2/a.out 
warning: Error disabling address space randomization: Operation not permitted

Breakpoint 1, main () at p07original.c:48
48  {
(gdb) s
50    l=input_line();
(gdb) n
Enter the x coordinates of point 1 
1
Enter the y coordinate of point 2 
2
Enter the x coordinates of point 1 
3
Enter the y coordinate of point 2 
4
51    find_length(&l);
(gdb) n
52    output(l);
(gdb) s
output (l=...) at p07original.c:44
44    printf("Length of line is %f",l.distance);
(gdb) n
45  }
(gdb) n
main () at p07original.c:53
53    return 0;
(gdb) c
Continuing.
Length of line is 2.828427[Inferior 1 (process 4240) exited normally]
(gdb) p
The history is empty.
(gdb) l
48  {
49    Line l;
50    l=input_line();
51    find_length(&l);
52    output(l);
53    return 0;
54    }