l status is unknown.îº§ gdb ./a.out
GNU gdb (Ubuntu 8.1.1-0ubuntu1) 8.1.1
Copyright (C) 2018 Free Software Foundation, Inc.
License GPLv3+: GNU GPL version 3 or later <http://gnu.org/licenses/gpl.html>
This is free software: you are free to change and redistribute it.
There is NO WARRANTY, to the extent permitted by law.  Type "show copying"
and "show warranty" for details.
This GDB was configured as "x86_64-linux-gnu".
Type "show configuration" for configuration details.
For bug reporting instructions, please see:
<http://www.gnu.org/software/gdb/bugs/>.
Find the GDB manual and other documentation resources online at:
<http://www.gnu.org/software/gdb/documentation/>.
For help, type "help".
Type "apropos word" to search for commands related to "word"...
Reading symbols from ./a.out...done.
(gdb) b main
Breakpoint 1 at 0xa44: file p11original.c, line 79.
(gdb) r
Starting program: /home/runner/practice-2/a.out 
warning: Error disabling address space randomization: Operation not permitted

Breakpoint 1, main () at p11original.c:79
79      Asis = input_camel();
(gdb) s
input_camel () at p11original.c:35
35  camel input_camel(){
(gdb) s
37      printf("Enter the radius of the camel's stomach : \t");
(gdb) n
38      scanf("%f", &Asis.radius);
(gdb) n
Enter the radius of the camel's stomach :   5
39      printf("Enter the height of the camel : \t");
(gdb) n
40      scanf("%f", &Asis.height);
(gdb) n
Enter the height of the camel :     5
41      printf("Enter the length of the camel : \t");
(gdb) n
42      scanf("%f", &Asis.length);
(gdb) n
Enter the length of the camel :     5
43      return Asis;
(gdb) n
44  }
(gdb) n
main () at p11original.c:80
80      Asis = find_weight(Asis);
(gdb) n
81      status = find_status(Asis);
(gdb) n
82      output(Asis,status);
(gdb) s
output (Asis=..., status=0) at p11original.c:59
59      switch (status) {
(gdb) n
70          printf("Camel status is unknown.");
(gdb) n
71          break;
(gdb) n
73  }
(gdb) n
main () at p11original.c:83
83      return 0;
(gdb) c
Continuing.
Camel status is unknown.[Inferior 1 (process 2879) exited normally]
(gdb) p
The history is empty.
(gdb) l
78      int status;
79      Asis = input_camel();
80      Asis = find_weight(Asis);
81      status = find_status(Asis);
82      output(Asis,status);
83      return 0;
84  }(gdb) 