 gcc -g p1original.c
 gcc -g p5original.c -lm
 ./a.out
enter the array size
3
enter the array element 0
2
enter the array element 1
3
enter the array element 2
4
Largest element is present at index 2 and its value is 4.
 gdb ./a.out
GNU gdb (Ubuntu 8.1.1-0ubuntu1) 8.1.1
Copyright (C) 2018 Free Software Foundation, Inc.
License GPLv3+: GNU GPL version 3 or later <http://gnu.org/licenses/gpl.html>
This is free software: you are free to change and redistribute it.
There is NO WARRANTY, to the extent permitted by law.  Type "show copying"
and "show warranty" for details.
This GDB was configured as "x86_64-linux-gnu".
Type "show configuration" for configuration details.
For bug reporting instructions, please see:
<http://www.gnu.org/software/gdb/bugs/>.
Find the GDB manual and other documentation resources online at:
<http://www.gnu.org/software/gdb/documentation/>.
For help, type "help".
Type "apropos word" to search for commands related to "word"...
Reading symbols from ./a.out...done.
(gdb) b main
Breakpoint 1 at 0x8d7: file p5original.c, line 30.
(gdb) r
Starting program: /home/runner/practice-2/a.out 
warning: Error disabling address space randomization: Operation not permitted

Breakpoint 1, main () at p5original.c:30
30  {
(gdb) s
32    n=input_array_size();
(gdb) s
input_array_size () at p5original.c:3
3   {
(gdb) s
5     printf("enter the array size\n");
(gdb) n
enter the array size
6     scanf("%d",&n);
(gdb) n
3
7     return n;
(gdb) n
8   }
(gdb) n
main () at p5original.c:33
33    int a[n];
(gdb) n
34    input_array(n,a);
(gdb) n
enter the array element 0
2
enter the array element 1
3
enter the array element 2
4
35    largest=find_largest(n,a);
(gdb) n
36    out_put(n,a,largest);
(gdb) n
Largest element is present at index 2 and its value is 4.
37    return 0;
(gdb) n
38  }
(gdb) c
Continuing.
[Inferior 1 (process 271) exited normally]
(gdb) p
The history is empty.
(gdb) l
33    int a[n];
34    input_array(n,a);
35    largest=find_largest(n,a);
36    out_put(n,a,largest);
37    return 0;
38  }
(gdb) Quit
(gdb) 
